Classic Timing Analyzer report for alu
Sat Oct 19 17:54:08 2024
Quartus II Version 9.1 Build 350 03/24/2010 Service Pack 2 SJ Web Edition


---------------------
; Table of Contents ;
---------------------
  1. Legal Notice
  2. Timing Analyzer Summary
  3. Timing Analyzer Settings
  4. Parallel Compilation
  5. tpd
  6. Timing Analyzer Messages



----------------
; Legal Notice ;
----------------
Copyright (C) 1991-2010 Altera Corporation
Your use of Altera Corporation's design tools, logic functions 
and other software and tools, and its AMPP partner logic 
functions, and any output files from any of the foregoing 
(including device programming or simulation files), and any 
associated documentation or information are expressly subject 
to the terms and conditions of the Altera Program License 
Subscription Agreement, Altera MegaCore Function License 
Agreement, or other applicable license agreement, including, 
without limitation, that your use is for the sole purpose of 
programming logic devices manufactured by Altera and sold by 
Altera or its authorized distributors.  Please refer to the 
applicable agreement for further details.



+-----------------------------------------------------------------------------------------------------------------------------+
; Timing Analyzer Summary                                                                                                     ;
+------------------------------+-------+---------------+-------------+---------+-------+------------+----------+--------------+
; Type                         ; Slack ; Required Time ; Actual Time ; From    ; To    ; From Clock ; To Clock ; Failed Paths ;
+------------------------------+-------+---------------+-------------+---------+-------+------------+----------+--------------+
; Worst-case tpd               ; N/A   ; None          ; 17.045 ns   ; a_in[5] ; z_out ; --         ; --       ; 0            ;
; Total number of failed paths ;       ;               ;             ;         ;       ;            ;          ; 0            ;
+------------------------------+-------+---------------+-------------+---------+-------+------------+----------+--------------+


+-----------------------------------------------------------------------------------------------------------------------------------------------------+
; Timing Analyzer Settings                                                                                                                            ;
+------------------------------------------------------------------------------------------------------+--------------------+------+----+-------------+
; Option                                                                                               ; Setting            ; From ; To ; Entity Name ;
+------------------------------------------------------------------------------------------------------+--------------------+------+----+-------------+
; Device Name                                                                                          ; EP2C35F672C6       ;      ;    ;             ;
; Timing Models                                                                                        ; Final              ;      ;    ;             ;
; Default hold multicycle                                                                              ; Same as Multicycle ;      ;    ;             ;
; Cut paths between unrelated clock domains                                                            ; On                 ;      ;    ;             ;
; Cut off read during write signal paths                                                               ; On                 ;      ;    ;             ;
; Cut off feedback from I/O pins                                                                       ; On                 ;      ;    ;             ;
; Report Combined Fast/Slow Timing                                                                     ; Off                ;      ;    ;             ;
; Ignore Clock Settings                                                                                ; Off                ;      ;    ;             ;
; Analyze latches as synchronous elements                                                              ; On                 ;      ;    ;             ;
; Enable Recovery/Removal analysis                                                                     ; Off                ;      ;    ;             ;
; Enable Clock Latency                                                                                 ; Off                ;      ;    ;             ;
; Use TimeQuest Timing Analyzer                                                                        ; Off                ;      ;    ;             ;
; Minimum Core Junction Temperature                                                                    ; 0                  ;      ;    ;             ;
; Maximum Core Junction Temperature                                                                    ; 85                 ;      ;    ;             ;
; Number of source nodes to report per destination node                                                ; 10                 ;      ;    ;             ;
; Number of destination nodes to report                                                                ; 10                 ;      ;    ;             ;
; Number of paths to report                                                                            ; 200                ;      ;    ;             ;
; Report Minimum Timing Checks                                                                         ; Off                ;      ;    ;             ;
; Use Fast Timing Models                                                                               ; Off                ;      ;    ;             ;
; Report IO Paths Separately                                                                           ; Off                ;      ;    ;             ;
; Perform Multicorner Analysis                                                                         ; On                 ;      ;    ;             ;
; Reports the worst-case path for each clock domain and analysis                                       ; Off                ;      ;    ;             ;
; Reports worst-case timing paths for each clock domain and analysis                                   ; On                 ;      ;    ;             ;
; Specifies the maximum number of worst-case timing paths to report for each clock domain and analysis ; 100                ;      ;    ;             ;
; Removes common clock path pessimism (CCPP) during slack computation                                  ; Off                ;      ;    ;             ;
; Output I/O Timing Endpoint                                                                           ; Near End           ;      ;    ;             ;
+------------------------------------------------------------------------------------------------------+--------------------+------+----+-------------+


Parallel compilation was disabled, but you have multiple processors available. Enable parallel compilation to reduce compilation time.
+-------------------------------------+
; Parallel Compilation                ;
+----------------------------+--------+
; Processors                 ; Number ;
+----------------------------+--------+
; Number detected on machine ; 14     ;
; Maximum allowed            ; 1      ;
+----------------------------+--------+


+---------------------------------------------------------------------+
; tpd                                                                 ;
+-------+-------------------+-----------------+------------+----------+
; Slack ; Required P2P Time ; Actual P2P Time ; From       ; To       ;
+-------+-------------------+-----------------+------------+----------+
; N/A   ; None              ; 17.045 ns       ; a_in[5]    ; z_out    ;
; N/A   ; None              ; 16.973 ns       ; bit_sel[0] ; z_out    ;
; N/A   ; None              ; 16.957 ns       ; a_in[1]    ; z_out    ;
; N/A   ; None              ; 16.755 ns       ; b_in[0]    ; z_out    ;
; N/A   ; None              ; 16.742 ns       ; b_in[1]    ; z_out    ;
; N/A   ; None              ; 16.733 ns       ; b_in[2]    ; z_out    ;
; N/A   ; None              ; 16.714 ns       ; bit_sel[2] ; z_out    ;
; N/A   ; None              ; 16.648 ns       ; b_in[4]    ; z_out    ;
; N/A   ; None              ; 16.531 ns       ; b_in[5]    ; z_out    ;
; N/A   ; None              ; 16.410 ns       ; a_in[2]    ; z_out    ;
; N/A   ; None              ; 16.394 ns       ; a_in[7]    ; z_out    ;
; N/A   ; None              ; 16.344 ns       ; a_in[3]    ; z_out    ;
; N/A   ; None              ; 16.330 ns       ; b_in[3]    ; z_out    ;
; N/A   ; None              ; 16.316 ns       ; bit_sel[1] ; z_out    ;
; N/A   ; None              ; 16.292 ns       ; a_in[4]    ; z_out    ;
; N/A   ; None              ; 16.144 ns       ; op_sel[3]  ; z_out    ;
; N/A   ; None              ; 16.143 ns       ; b_in[6]    ; z_out    ;
; N/A   ; None              ; 16.118 ns       ; a_in[6]    ; z_out    ;
; N/A   ; None              ; 15.706 ns       ; b_in[7]    ; z_out    ;
; N/A   ; None              ; 15.344 ns       ; bit_sel[0] ; r_out[1] ;
; N/A   ; None              ; 15.333 ns       ; op_sel[1]  ; z_out    ;
; N/A   ; None              ; 15.328 ns       ; a_in[1]    ; r_out[1] ;
; N/A   ; None              ; 15.244 ns       ; a_in[1]    ; r_out[3] ;
; N/A   ; None              ; 15.164 ns       ; b_in[1]    ; r_out[3] ;
; N/A   ; None              ; 15.155 ns       ; b_in[2]    ; r_out[3] ;
; N/A   ; None              ; 15.139 ns       ; a_in[1]    ; r_out[7] ;
; N/A   ; None              ; 15.126 ns       ; b_in[0]    ; r_out[1] ;
; N/A   ; None              ; 15.085 ns       ; bit_sel[2] ; r_out[1] ;
; N/A   ; None              ; 15.046 ns       ; a_in[5]    ; r_out[7] ;
; N/A   ; None              ; 15.020 ns       ; a_in[1]    ; r_out[2] ;
; N/A   ; None              ; 15.001 ns       ; b_in[0]    ; r_out[3] ;
; N/A   ; None              ; 14.988 ns       ; b_in[4]    ; r_out[7] ;
; N/A   ; None              ; 14.953 ns       ; a_in[1]    ; r_out[4] ;
; N/A   ; None              ; 14.940 ns       ; b_in[1]    ; r_out[2] ;
; N/A   ; None              ; 14.853 ns       ; b_in[0]    ; r_out[7] ;
; N/A   ; None              ; 14.820 ns       ; a_in[5]    ; r_out[6] ;
; N/A   ; None              ; 14.794 ns       ; b_in[5]    ; r_out[7] ;
; N/A   ; None              ; 14.794 ns       ; a_in[2]    ; r_out[3] ;
; N/A   ; None              ; 14.782 ns       ; b_in[1]    ; r_out[7] ;
; N/A   ; None              ; 14.777 ns       ; a_in[2]    ; r_out[7] ;
; N/A   ; None              ; 14.777 ns       ; b_in[0]    ; r_out[2] ;
; N/A   ; None              ; 14.764 ns       ; b_in[1]    ; r_out[4] ;
; N/A   ; None              ; 14.755 ns       ; b_in[2]    ; r_out[4] ;
; N/A   ; None              ; 14.740 ns       ; b_in[1]    ; r_out[1] ;
; N/A   ; None              ; 14.714 ns       ; b_in[2]    ; r_out[7] ;
; N/A   ; None              ; 14.687 ns       ; bit_sel[1] ; r_out[1] ;
; N/A   ; None              ; 14.667 ns       ; b_in[0]    ; r_out[4] ;
; N/A   ; None              ; 14.641 ns       ; b_in[3]    ; r_out[7] ;
; N/A   ; None              ; 14.634 ns       ; a_in[3]    ; r_out[7] ;
; N/A   ; None              ; 14.616 ns       ; b_in[2]    ; r_out[2] ;
; N/A   ; None              ; 14.597 ns       ; a_in[1]    ; r_out[6] ;
; N/A   ; None              ; 14.591 ns       ; a_in[2]    ; r_out[4] ;
; N/A   ; None              ; 14.575 ns       ; b_in[4]    ; r_out[4] ;
; N/A   ; None              ; 14.529 ns       ; a_in[4]    ; r_out[7] ;
; N/A   ; None              ; 14.517 ns       ; b_in[1]    ; r_out[6] ;
; N/A   ; None              ; 14.515 ns       ; op_sel[3]  ; r_out[1] ;
; N/A   ; None              ; 14.508 ns       ; b_in[2]    ; r_out[6] ;
; N/A   ; None              ; 14.491 ns       ; bit_sel[0] ; r_out[6] ;
; N/A   ; None              ; 14.455 ns       ; b_in[3]    ; r_out[4] ;
; N/A   ; None              ; 14.450 ns       ; a_in[3]    ; r_out[3] ;
; N/A   ; None              ; 14.448 ns       ; a_in[3]    ; r_out[4] ;
; N/A   ; None              ; 14.444 ns       ; bit_sel[0] ; r_out[3] ;
; N/A   ; None              ; 14.437 ns       ; b_in[3]    ; r_out[3] ;
; N/A   ; None              ; 14.423 ns       ; b_in[4]    ; r_out[6] ;
; N/A   ; None              ; 14.384 ns       ; bit_sel[0] ; r_out[2] ;
; N/A   ; None              ; 14.381 ns       ; bit_sel[0] ; r_out[7] ;
; N/A   ; None              ; 14.354 ns       ; b_in[0]    ; r_out[6] ;
; N/A   ; None              ; 14.340 ns       ; a_in[2]    ; r_out[2] ;
; N/A   ; None              ; 14.339 ns       ; bit_sel[0] ; r_out[4] ;
; N/A   ; None              ; 14.337 ns       ; a_in[6]    ; r_out[7] ;
; N/A   ; None              ; 14.331 ns       ; op_sel[3]  ; r_out[2] ;
; N/A   ; None              ; 14.306 ns       ; b_in[5]    ; r_out[6] ;
; N/A   ; None              ; 14.279 ns       ; b_in[6]    ; r_out[7] ;
; N/A   ; None              ; 14.276 ns       ; a_in[7]    ; r_out[7] ;
; N/A   ; None              ; 14.256 ns       ; a_in[1]    ; r_out[5] ;
; N/A   ; None              ; 14.220 ns       ; bit_sel[2] ; r_out[6] ;
; N/A   ; None              ; 14.203 ns       ; a_in[2]    ; r_out[6] ;
; N/A   ; None              ; 14.181 ns       ; bit_sel[2] ; r_out[3] ;
; N/A   ; None              ; 14.176 ns       ; b_in[1]    ; r_out[5] ;
; N/A   ; None              ; 14.167 ns       ; b_in[2]    ; r_out[5] ;
; N/A   ; None              ; 14.163 ns       ; a_in[5]    ; r_out[5] ;
; N/A   ; None              ; 14.119 ns       ; a_in[3]    ; r_out[6] ;
; N/A   ; None              ; 14.105 ns       ; b_in[3]    ; r_out[6] ;
; N/A   ; None              ; 14.102 ns       ; bit_sel[2] ; r_out[2] ;
; N/A   ; None              ; 14.086 ns       ; bit_sel[2] ; r_out[4] ;
; N/A   ; None              ; 14.082 ns       ; b_in[4]    ; r_out[5] ;
; N/A   ; None              ; 14.078 ns       ; op_sel[3]  ; r_out[4] ;
; N/A   ; None              ; 14.067 ns       ; a_in[4]    ; r_out[6] ;
; N/A   ; None              ; 14.063 ns       ; op_sel[3]  ; r_out[3] ;
; N/A   ; None              ; 14.031 ns       ; a_in[4]    ; r_out[4] ;
; N/A   ; None              ; 14.013 ns       ; b_in[0]    ; r_out[5] ;
; N/A   ; None              ; 13.987 ns       ; op_sel[3]  ; r_out[7] ;
; N/A   ; None              ; 13.975 ns       ; b_in[7]    ; r_out[7] ;
; N/A   ; None              ; 13.962 ns       ; bit_sel[1] ; r_out[6] ;
; N/A   ; None              ; 13.956 ns       ; bit_sel[0] ; r_out[5] ;
; N/A   ; None              ; 13.948 ns       ; a_in[6]    ; r_out[6] ;
; N/A   ; None              ; 13.806 ns       ; a_in[2]    ; r_out[5] ;
; N/A   ; None              ; 13.784 ns       ; bit_sel[1] ; r_out[3] ;
; N/A   ; None              ; 13.778 ns       ; a_in[3]    ; r_out[5] ;
; N/A   ; None              ; 13.764 ns       ; b_in[3]    ; r_out[5] ;
; N/A   ; None              ; 13.738 ns       ; op_sel[0]  ; dc_out   ;
; N/A   ; None              ; 13.726 ns       ; a_in[4]    ; r_out[5] ;
; N/A   ; None              ; 13.719 ns       ; bit_sel[1] ; r_out[2] ;
; N/A   ; None              ; 13.704 ns       ; op_sel[1]  ; r_out[1] ;
; N/A   ; None              ; 13.688 ns       ; bit_sel[1] ; r_out[4] ;
; N/A   ; None              ; 13.684 ns       ; bit_sel[2] ; r_out[5] ;
; N/A   ; None              ; 13.650 ns       ; b_in[5]    ; r_out[5] ;
; N/A   ; None              ; 13.640 ns       ; a_in[0]    ; z_out    ;
; N/A   ; None              ; 13.630 ns       ; bit_sel[0] ; r_out[0] ;
; N/A   ; None              ; 13.614 ns       ; b_in[0]    ; dc_out   ;
; N/A   ; None              ; 13.603 ns       ; b_in[6]    ; r_out[6] ;
; N/A   ; None              ; 13.598 ns       ; op_sel[0]  ; z_out    ;
; N/A   ; None              ; 13.521 ns       ; bit_sel[2] ; r_out[7] ;
; N/A   ; None              ; 13.514 ns       ; a_in[5]    ; c_out    ;
; N/A   ; None              ; 13.506 ns       ; b_in[0]    ; r_out[0] ;
; N/A   ; None              ; 13.443 ns       ; bit_sel[1] ; r_out[7] ;
; N/A   ; None              ; 13.363 ns       ; bit_sel[2] ; r_out[0] ;
; N/A   ; None              ; 13.362 ns       ; b_in[1]    ; dc_out   ;
; N/A   ; None              ; 13.360 ns       ; bit_sel[1] ; r_out[5] ;
; N/A   ; None              ; 13.352 ns       ; c_in       ; z_out    ;
; N/A   ; None              ; 13.344 ns       ; b_in[3]    ; dc_out   ;
; N/A   ; None              ; 13.302 ns       ; op_sel[1]  ; r_out[5] ;
; N/A   ; None              ; 13.291 ns       ; a_in[1]    ; c_out    ;
; N/A   ; None              ; 13.262 ns       ; op_sel[1]  ; r_out[3] ;
; N/A   ; None              ; 13.243 ns       ; op_sel[3]  ; r_out[6] ;
; N/A   ; None              ; 13.224 ns       ; a_in[1]    ; dc_out   ;
; N/A   ; None              ; 13.211 ns       ; b_in[1]    ; c_out    ;
; N/A   ; None              ; 13.202 ns       ; b_in[2]    ; c_out    ;
; N/A   ; None              ; 13.180 ns       ; a_in[7]    ; c_out    ;
; N/A   ; None              ; 13.179 ns       ; op_sel[1]  ; r_out[2] ;
; N/A   ; None              ; 13.161 ns       ; op_sel[3]  ; r_out[5] ;
; N/A   ; None              ; 13.152 ns       ; b_in[2]    ; dc_out   ;
; N/A   ; None              ; 13.137 ns       ; op_sel[1]  ; r_out[7] ;
; N/A   ; None              ; 13.130 ns       ; b_in[4]    ; c_out    ;
; N/A   ; None              ; 13.105 ns       ; bit_sel[1] ; r_out[0] ;
; N/A   ; None              ; 13.103 ns       ; op_sel[1]  ; r_out[6] ;
; N/A   ; None              ; 13.091 ns       ; a_in[2]    ; dc_out   ;
; N/A   ; None              ; 13.058 ns       ; op_sel[1]  ; r_out[4] ;
; N/A   ; None              ; 13.048 ns       ; b_in[0]    ; c_out    ;
; N/A   ; None              ; 13.000 ns       ; b_in[5]    ; c_out    ;
; N/A   ; None              ; 12.936 ns       ; op_sel[1]  ; r_out[0] ;
; N/A   ; None              ; 12.919 ns       ; a_in[2]    ; c_out    ;
; N/A   ; None              ; 12.840 ns       ; op_sel[2]  ; z_out    ;
; N/A   ; None              ; 12.813 ns       ; a_in[3]    ; c_out    ;
; N/A   ; None              ; 12.806 ns       ; a_in[1]    ; r_out[0] ;
; N/A   ; None              ; 12.799 ns       ; b_in[3]    ; c_out    ;
; N/A   ; None              ; 12.761 ns       ; a_in[4]    ; c_out    ;
; N/A   ; None              ; 12.629 ns       ; a_in[3]    ; dc_out   ;
; N/A   ; None              ; 12.615 ns       ; a_in[5]    ; r_out[4] ;
; N/A   ; None              ; 12.615 ns       ; a_in[6]    ; r_out[2] ;
; N/A   ; None              ; 12.612 ns       ; b_in[6]    ; c_out    ;
; N/A   ; None              ; 12.587 ns       ; a_in[6]    ; c_out    ;
; N/A   ; None              ; 12.495 ns       ; b_in[7]    ; c_out    ;
; N/A   ; None              ; 12.470 ns       ; a_in[5]    ; r_out[1] ;
; N/A   ; None              ; 12.334 ns       ; a_in[7]    ; r_out[6] ;
; N/A   ; None              ; 12.266 ns       ; a_in[3]    ; r_out[2] ;
; N/A   ; None              ; 12.127 ns       ; a_in[7]    ; r_out[3] ;
; N/A   ; None              ; 12.094 ns       ; op_sel[3]  ; dc_out   ;
; N/A   ; None              ; 12.062 ns       ; a_in[0]    ; r_out[3] ;
; N/A   ; None              ; 12.041 ns       ; op_sel[3]  ; c_out    ;
; N/A   ; None              ; 11.945 ns       ; a_in[6]    ; r_out[5] ;
; N/A   ; None              ; 11.897 ns       ; a_in[2]    ; r_out[1] ;
; N/A   ; None              ; 11.838 ns       ; a_in[0]    ; r_out[2] ;
; N/A   ; None              ; 11.800 ns       ; a_in[0]    ; r_out[1] ;
; N/A   ; None              ; 11.694 ns       ; op_sel[1]  ; dc_out   ;
; N/A   ; None              ; 11.692 ns       ; a_in[4]    ; r_out[3] ;
; N/A   ; None              ; 11.662 ns       ; a_in[0]    ; r_out[4] ;
; N/A   ; None              ; 11.657 ns       ; op_sel[0]  ; r_out[6] ;
; N/A   ; None              ; 11.637 ns       ; op_sel[0]  ; r_out[3] ;
; N/A   ; None              ; 11.595 ns       ; op_sel[0]  ; r_out[4] ;
; N/A   ; None              ; 11.527 ns       ; a_in[0]    ; r_out[7] ;
; N/A   ; None              ; 11.522 ns       ; op_sel[0]  ; r_out[2] ;
; N/A   ; None              ; 11.459 ns       ; op_sel[0]  ; r_out[5] ;
; N/A   ; None              ; 11.434 ns       ; op_sel[1]  ; c_out    ;
; N/A   ; None              ; 11.426 ns       ; op_sel[0]  ; r_out[7] ;
; N/A   ; None              ; 11.415 ns       ; a_in[0]    ; r_out[6] ;
; N/A   ; None              ; 11.413 ns       ; op_sel[0]  ; r_out[1] ;
; N/A   ; None              ; 11.246 ns       ; op_sel[0]  ; r_out[0] ;
; N/A   ; None              ; 11.211 ns       ; op_sel[2]  ; r_out[1] ;
; N/A   ; None              ; 11.180 ns       ; c_in       ; r_out[7] ;
; N/A   ; None              ; 11.180 ns       ; op_sel[3]  ; r_out[0] ;
; N/A   ; None              ; 11.109 ns       ; a_in[4]    ; r_out[0] ;
; N/A   ; None              ; 11.074 ns       ; a_in[0]    ; r_out[5] ;
; N/A   ; None              ; 10.764 ns       ; op_sel[2]  ; r_out[4] ;
; N/A   ; None              ; 10.701 ns       ; op_sel[0]  ; c_out    ;
; N/A   ; None              ; 10.615 ns       ; op_sel[2]  ; r_out[2] ;
; N/A   ; None              ; 10.456 ns       ; c_in       ; r_out[0] ;
; N/A   ; None              ; 10.335 ns       ; op_sel[2]  ; r_out[3] ;
; N/A   ; None              ; 10.259 ns       ; op_sel[2]  ; r_out[7] ;
; N/A   ; None              ; 10.184 ns       ; a_in[0]    ; r_out[0] ;
; N/A   ; None              ; 10.109 ns       ; a_in[0]    ; c_out    ;
; N/A   ; None              ; 9.928 ns        ; op_sel[2]  ; r_out[6] ;
; N/A   ; None              ; 9.578 ns        ; op_sel[2]  ; r_out[5] ;
; N/A   ; None              ; 9.539 ns        ; a_in[0]    ; dc_out   ;
; N/A   ; None              ; 9.155 ns        ; op_sel[2]  ; r_out[0] ;
; N/A   ; None              ; 8.097 ns        ; op_sel[2]  ; c_out    ;
; N/A   ; None              ; 7.789 ns        ; op_sel[2]  ; dc_out   ;
+-------+-------------------+-----------------+------------+----------+


+--------------------------+
; Timing Analyzer Messages ;
+--------------------------+
Info: *******************************************************************
Info: Running Quartus II Classic Timing Analyzer
    Info: Version 9.1 Build 350 03/24/2010 Service Pack 2 SJ Web Edition
    Info: Processing started: Sat Oct 19 17:54:08 2024
Info: Command: quartus_tan --read_settings_files=off --write_settings_files=off alu -c alu --timing_analysis_only
Info: Longest tpd from source pin "a_in[5]" to destination pin "z_out" is 17.045 ns
    Info: 1: + IC(0.000 ns) + CELL(0.840 ns) = 0.840 ns; Loc. = PIN_D19; Fanout = 16; PIN Node = 'a_in[5]'
    Info: 2: + IC(6.073 ns) + CELL(0.393 ns) = 7.306 ns; Loc. = LCCOMB_X50_Y26_N10; Fanout = 2; COMB Node = 'Add0~11'
    Info: 3: + IC(0.000 ns) + CELL(0.071 ns) = 7.377 ns; Loc. = LCCOMB_X50_Y26_N12; Fanout = 2; COMB Node = 'Add0~13'
    Info: 4: + IC(0.000 ns) + CELL(0.410 ns) = 7.787 ns; Loc. = LCCOMB_X50_Y26_N14; Fanout = 1; COMB Node = 'Add0~14'
    Info: 5: + IC(0.696 ns) + CELL(0.275 ns) = 8.758 ns; Loc. = LCCOMB_X53_Y26_N10; Fanout = 1; COMB Node = 'Mux0~0'
    Info: 6: + IC(0.732 ns) + CELL(0.271 ns) = 9.761 ns; Loc. = LCCOMB_X53_Y25_N6; Fanout = 1; COMB Node = 'Mux0~1'
    Info: 7: + IC(0.263 ns) + CELL(0.436 ns) = 10.460 ns; Loc. = LCCOMB_X53_Y25_N10; Fanout = 2; COMB Node = 'Mux0~3'
    Info: 8: + IC(0.705 ns) + CELL(0.150 ns) = 11.315 ns; Loc. = LCCOMB_X50_Y25_N6; Fanout = 1; COMB Node = 'z_out~4'
    Info: 9: + IC(0.716 ns) + CELL(0.275 ns) = 12.306 ns; Loc. = LCCOMB_X53_Y25_N20; Fanout = 1; COMB Node = 'z_out~5'
    Info: 10: + IC(0.267 ns) + CELL(0.437 ns) = 13.010 ns; Loc. = LCCOMB_X53_Y25_N22; Fanout = 1; COMB Node = 'z_out~6'
    Info: 11: + IC(1.237 ns) + CELL(2.798 ns) = 17.045 ns; Loc. = PIN_A19; Fanout = 0; PIN Node = 'z_out'
    Info: Total cell delay = 6.356 ns ( 37.29 % )
    Info: Total interconnect delay = 10.689 ns ( 62.71 % )
Info: Quartus II Classic Timing Analyzer was successful. 0 errors, 0 warnings
    Info: Peak virtual memory: 195 megabytes
    Info: Processing ended: Sat Oct 19 17:54:08 2024
    Info: Elapsed time: 00:00:00
    Info: Total CPU time (on all processors): 00:00:00


